This is pdfTeX, Version 3.141592653-2.6-1.40.26 (TeX Live 2024) (preloaded format=pdflatex 2024.5.7)  28 MAY 2024 17:36
entering extended mode
 restricted \write18 enabled.
 file:line:error style messages enabled.
 %&-line parsing enabled.
**c:/Users/ohnah/Documents/Linux_vulnerability_check/test.tex
(c:/Users/ohnah/Documents/Linux_vulnerability_check/test.tex
LaTeX2e <2023-11-01> patch level 1
L3 programming layer <2024-04-11>
(d:/LaTex/texmf-dist/tex/latex/base/article.cls
Document Class: article 2023/05/17 v1.4n Standard LaTeX document class
(d:/LaTex/texmf-dist/tex/latex/base/size10.clo
File: size10.clo 2023/05/17 v1.4n Standard LaTeX file (size option)
)
\c@part=\count189
\c@section=\count190
\c@subsection=\count191
\c@subsubsection=\count192
\c@paragraph=\count193
\c@subparagraph=\count194
\c@figure=\count195
\c@table=\count196
\abovecaptionskip=\skip48
\belowcaptionskip=\skip49
\bibindent=\dimen140
) (d:/LaTex/texmf-dist/tex/latex/cjk-ko/kotex.sty
Package: kotex 2015/04/19 v1.6 Korean TeX (ko.TeX)
 (d:/LaTex/texmf-dist/tex/latex/kotex-utf/kotex.cfg) (d:/LaTex/texmf-dist/tex/latex/kotex-utf/kotexutf.sty
Package: kotexutf 2022/06/22 v3.0.0 typesetting UTF-8 Korean documents
 (d:/LaTex/texmf-dist/tex/latex/base/inputenc.sty
Package: inputenc 2021/02/14 v1.3d Input encoding file
\inpenc@prehook=\toks17
\inpenc@posthook=\toks18
) (d:/LaTex/texmf-dist/tex/plain/kotex-plain/kotexutf-core.tex
\unih@ngulpoint=\count197
\dhucs@emph@raise=\dimen141
)
Now handling font encoding LUC ...
... processing UTF-8 mapping file for font encoding LUC
 (d:/LaTex/texmf-dist/tex/latex/kotex-utf/lucenc.dfu
File: lucenc.dfu 2007/09/05 UTF-8 support for dhucs
   defining Unicode char U+00B7 (decimal 183)
   defining Unicode char U+2018 (decimal 8216)
   defining Unicode char U+2019 (decimal 8217)
   defining Unicode char U+201C (decimal 8220)
   defining Unicode char U+201D (decimal 8221)
   defining Unicode char U+3001 (decimal 12289)
   defining Unicode char U+3002 (decimal 12290)
   defining Unicode char U+3008 (decimal 12296)
   defining Unicode char U+3009 (decimal 12297)
   defining Unicode char U+300A (decimal 12298)
   defining Unicode char U+300B (decimal 12299)
   defining Unicode char U+300C (decimal 12300)
   defining Unicode char U+300D (decimal 12301)
   defining Unicode char U+300E (decimal 12302)
   defining Unicode char U+300F (decimal 12303)
   defining Unicode char U+3010 (decimal 12304)
   defining Unicode char U+3011 (decimal 12305)
   defining Unicode char U+3014 (decimal 12308)
   defining Unicode char U+3015 (decimal 12309)
   defining Unicode char U+3016 (decimal 12310)
   defining Unicode char U+3017 (decimal 12311)
   defining Unicode char U+3018 (decimal 12312)
   defining Unicode char U+3019 (decimal 12313)
   defining Unicode char U+301A (decimal 12314)
   defining Unicode char U+301B (decimal 12315)
   defining Unicode char U+FF01 (decimal 65281)
   defining Unicode char U+FF08 (decimal 65288)
   defining Unicode char U+FF09 (decimal 65289)
   defining Unicode char U+FF0C (decimal 65292)
   defining Unicode char U+FF0E (decimal 65294)
   defining Unicode char U+FF1A (decimal 65306)
   defining Unicode char U+FF1B (decimal 65307)
   defining Unicode char U+FF1C (decimal 65308)
   defining Unicode char U+FF1D (decimal 65309)
   defining Unicode char U+FF1E (decimal 65310)
   defining Unicode char U+FF1F (decimal 65311)
   defining Unicode char U+FF3B (decimal 65339)
   defining Unicode char U+FF3D (decimal 65341)
   defining Unicode char U+FF5B (decimal 65371)
   defining Unicode char U+FF5D (decimal 65373)
   defining Unicode char U+FF61 (decimal 65377)
   defining Unicode char U+FF62 (decimal 65378)
   defining Unicode char U+FF63 (decimal 65379)
   defining Unicode char U+FF64 (decimal 65380)
   defining Unicode char U+FF65 (decimal 65381)
)
\@josa=\count198
\josatoks=\toks19
 (d:/LaTex/texmf-dist/tex/latex/cjk-ko/kolabels-utf.sty
Package: kolabels-utf 2015/03/20 v1.5 UTF-8 Hangul item labels
))) (d:/LaTex/texmf-dist/tex/latex/tools/array.sty
Package: array 2023/10/16 v2.5g Tabular extension package (FMi)
\col@sep=\dimen142
\ar@mcellbox=\box51
\extrarowheight=\dimen143
\NC@list=\toks20
\extratabsurround=\skip50
\backup@length=\skip51
\ar@cellbox=\box52
) (d:/LaTex/texmf-dist/tex/latex/geometry/geometry.sty
Package: geometry 2020/01/02 v5.9 Page Geometry
 (d:/LaTex/texmf-dist/tex/latex/graphics/keyval.sty
Package: keyval 2022/05/29 v1.15 key=value parser (DPC)
\KV@toks@=\toks21
) (d:/LaTex/texmf-dist/tex/generic/iftex/ifvtex.sty
Package: ifvtex 2019/10/25 v1.7 ifvtex legacy package. Use iftex instead.
 (d:/LaTex/texmf-dist/tex/generic/iftex/iftex.sty
Package: iftex 2022/02/03 v1.0f TeX engine tests
))
\Gm@cnth=\count199
\Gm@cntv=\count266
\c@Gm@tempcnt=\count267
\Gm@bindingoffset=\dimen144
\Gm@wd@mp=\dimen145
\Gm@odd@mp=\dimen146
\Gm@even@mp=\dimen147
\Gm@layoutwidth=\dimen148
\Gm@layoutheight=\dimen149
\Gm@layouthoffset=\dimen150
\Gm@layoutvoffset=\dimen151
\Gm@dimlist=\toks22
) (d:/LaTex/texmf-dist/tex/latex/l3backend/l3backend-pdftex.def
File: l3backend-pdftex.def 2024-04-11 L3 backend support: PDF output (pdfTeX)
\l__color_backend_stack_int=\count268
\l__pdf_internal_box=\box53
) (./test.aux)
\openout1 = `test.aux'.

LaTeX Font Info:    Checking defaults for OML/cmm/m/it on input line 9.
LaTeX Font Info:    ... okay on input line 9.
LaTeX Font Info:    Checking defaults for OMS/cmsy/m/n on input line 9.
LaTeX Font Info:    ... okay on input line 9.
LaTeX Font Info:    Checking defaults for OT1/cmr/m/n on input line 9.
LaTeX Font Info:    ... okay on input line 9.
LaTeX Font Info:    Checking defaults for T1/cmr/m/n on input line 9.
LaTeX Font Info:    ... okay on input line 9.
LaTeX Font Info:    Checking defaults for TS1/cmr/m/n on input line 9.
LaTeX Font Info:    ... okay on input line 9.
LaTeX Font Info:    Checking defaults for OMX/cmex/m/n on input line 9.
LaTeX Font Info:    ... okay on input line 9.
LaTeX Font Info:    Checking defaults for U/cmr/m/n on input line 9.
LaTeX Font Info:    ... okay on input line 9.
LaTeX Font Info:    Checking defaults for LUC/nanummj/m/n on input line 9.
LaTeX Font Info:    Trying to load font information for LUC+nanummj on input line 9.
 (d:/LaTex/texmf-dist/tex/latex/nanumtype1/lucnanummj.fd
File: lucnanummj.fd 2013/02/12 v0.1 Nanum Myeongjo font definitions
)
LaTeX Font Info:    ... okay on input line 9.

*geometry* driver: auto-detecting
*geometry* detected driver: pdftex
*geometry* verbose mode - [ preamble ] result:
* driver: pdftex
* paper: a4paper
* layout: <same size as paper>
* layoutoffset:(h,v)=(0.0pt,0.0pt)
* modes: 
* h-part:(L,W,R)=(72.26999pt, 452.9679pt, 72.26999pt)
* v-part:(T,H,B)=(72.26999pt, 700.50687pt, 72.26999pt)
* \paperwidth=597.50787pt
* \paperheight=845.04684pt
* \textwidth=452.9679pt
* \textheight=700.50687pt
* \oddsidemargin=0.0pt
* \evensidemargin=0.0pt
* \topmargin=-37.0pt
* \headheight=12.0pt
* \headsep=25.0pt
* \topskip=10.0pt
* \footskip=30.0pt
* \marginparwidth=65.0pt
* \marginparsep=11.0pt
* \columnsep=10.0pt
* \skip\footins=9.0pt plus 4.0pt minus 2.0pt
* \hoffset=0.0pt
* \voffset=0.0pt
* \mag=1000
* \@twocolumnfalse
* \@twosidefalse
* \@mparswitchfalse
* \@reversemarginfalse
* (1in=72.27pt=25.4mm, 1cm=28.453pt)

LaTeX Font Info:    External font `cmex10' loaded for size
(Font)              <12> on input line 15.
LaTeX Font Info:    External font `cmex10' loaded for size
(Font)              <8> on input line 15.
LaTeX Font Info:    External font `cmex10' loaded for size
(Font)              <6> on input line 15.
LaTeX Font Info:    External font `cmex10' loaded for size
(Font)              <7> on input line 21.
LaTeX Font Info:    External font `cmex10' loaded for size
(Font)              <5> on input line 21.

Overfull \hbox (52.27615pt too wide) in paragraph at lines 21--32
 [][] 
 []

[1

{d:/LaTex/texmf-var/fonts/map/pdftex/updmap/pdftex.map}] (./test.aux)
 ***********
LaTeX2e <2023-11-01> patch level 1
L3 programming layer <2024-04-11>
 ***********
 ) 
Here is how much of TeX's memory you used:
 1653 strings out of 474050
 27646 string characters out of 5749820
 1930754 words of memory out of 5000000
 24059 multiletter control sequences out of 15000+600000
 578976 words of font info for 107 fonts, out of 8000000 for 9000
 1141 hyphenation exceptions out of 8191
 59i,11n,65p,299b,311s stack positions out of 10000i,1000n,20000p,200000b,200000s
<d:/LaTex/texmf-dist/fonts/type1/public/amsfonts/cm/cmbx10.pfb><d:/LaTex/texmf-dist/fonts/type1/public/amsfonts/cm/cmbx12.pfb><d:/LaTex/texmf-dist/fonts/type1/public/amsfonts/cm/cmr10.pfb><d:/LaTex/texmf-dist/fonts/type1/public/amsfonts/cm/cmr12.pfb><d:/LaTex/texmf-dist/fonts/type1/public/nanumtype1/nanummjbac.pfb><d:/LaTex/texmf-dist/fonts/type1/public/nanumtype1/nanummjbad.pfb><d:/LaTex/texmf-dist/fonts/type1/public/nanumtype1/nanummjbb0.pfb><d:/LaTex/texmf-dist/fonts/type1/public/nanumtype1/nanummjbb3.pfb><d:/LaTex/texmf-dist/fonts/type1/public/nanumtype1/nanummjbb5.pfb><d:/LaTex/texmf-dist/fonts/type1/public/nanumtype1/nanummjbb8.pfb><d:/LaTex/texmf-dist/fonts/type1/public/nanumtype1/nanummjbb9.pfb><d:/LaTex/texmf-dist/fonts/type1/public/nanumtype1/nanummjbba.pfb><d:/LaTex/texmf-dist/fonts/type1/public/nanumtype1/nanummjbbc.pfb><d:/LaTex/texmf-dist/fonts/type1/public/nanumtype1/nanummjbc6.pfb><d:/LaTex/texmf-dist/fonts/type1/public/nanumtype1/nanummjbc7.pfb><d:/LaTex/texmf-dist/fonts/type1/public/nanumtype1/nanummjbc8.pfb><d:/LaTex/texmf-dist/fonts/type1/public/nanumtype1/nanummjbc9.pfb><d:/LaTex/texmf-dist/fonts/type1/public/nanumtype1/nanummjbd1.pfb><d:/LaTex/texmf-dist/fonts/type1/public/nanumtype1/nanummjbd3.pfb><d:/LaTex/texmf-dist/fonts/type1/public/nanumtype1/nanummjmac.pfb><d:/LaTex/texmf-dist/fonts/type1/public/nanumtype1/nanummjmad.pfb><d:/LaTex/texmf-dist/fonts/type1/public/nanumtype1/nanummjmae.pfb><d:/LaTex/texmf-dist/fonts/type1/public/nanumtype1/nanummjmb0.pfb><d:/LaTex/texmf-dist/fonts/type1/public/nanumtype1/nanummjmb2.pfb><d:/LaTex/texmf-dist/fonts/type1/public/nanumtype1/nanummjmb3.pfb><d:/LaTex/texmf-dist/fonts/type1/public/nanumtype1/nanummjmb4.pfb><d:/LaTex/texmf-dist/fonts/type1/public/nanumtype1/nanummjmb5.pfb><d:/LaTex/texmf-dist/fonts/type1/public/nanumtype1/nanummjmb8.pfb><d:/LaTex/texmf-dist/fonts/type1/public/nanumtype1/nanummjmb9.pfb><d:/LaTex/texmf-dist/fonts/type1/public/nanumtype1/nanummjmba.pfb><d:/LaTex/texmf-dist/fonts/type1/public/nanumtype1/nanummjmbc.pfb><d:/LaTex/texmf-dist/fonts/type1/public/nanumtype1/nanummjmbd.pfb><d:/LaTex/texmf-dist/fonts/type1/public/nanumtype1/nanummjmc0.pfb><d:/LaTex/texmf-dist/fonts/type1/public/nanumtype1/nanummjmc1.pfb><d:/LaTex/texmf-dist/fonts/type1/public/nanumtype1/nanummjmc2.pfb><d:/LaTex/texmf-dist/fonts/type1/public/nanumtype1/nanummjmc5.pfb><d:/LaTex/texmf-dist/fonts/type1/public/nanumtype1/nanummjmc6.pfb><d:/LaTex/texmf-dist/fonts/type1/public/nanumtype1/nanummjmc7.pfb><d:/LaTex/texmf-dist/fonts/type1/public/nanumtype1/nanummjmc8.pfb><d:/LaTex/texmf-dist/fonts/type1/public/nanumtype1/nanummjmc9.pfb><d:/LaTex/texmf-dist/fonts/type1/public/nanumtype1/nanummjmcd.pfb><d:/LaTex/texmf-dist/fonts/type1/public/nanumtype1/nanummjmd1.pfb><d:/LaTex/texmf-dist/fonts/type1/public/nanumtype1/nanummjmd3.pfb><d:/LaTex/texmf-dist/fonts/type1/public/nanumtype1/nanummjmd5.pfb><d:/LaTex/texmf-dist/fonts/type1/public/nanumtype1/nanummjmd6.pfb><d:/LaTex/texmf-dist/fonts/type1/public/nanumtype1/nanummjmd7.pfb>
Output written on test.pdf (1 page, 1519372 bytes).
PDF statistics:
 239 PDF objects out of 1000 (max. 8388607)
 142 compressed objects within 2 object streams
 0 named destinations out of 1000 (max. 500000)
 1 words of extra memory for PDF output out of 10000 (max. 10000000)

